// Jest Snapshot v1, https://goo.gl/fbAQLP

exports[`deve renderizar o bot√£o corretamente 1`] = `
<button
  class="btnEstilo"
  type="submit"
>
   Entrar 
</button>
`;
